Analysis & Synthesis report for SingleCycleMIPS
Tue Jun 24 07:32:10 2025
Quartus Prime Version 18.1.0 Build 625 09/12/2018 SJ Lite Edition


---------------------
; Table of Contents ;
---------------------
  1. Legal Notice
  2. Analysis & Synthesis Summary
  3. Analysis & Synthesis Settings
  4. Parallel Compilation
  5. Analysis & Synthesis Source Files Read
  6. Analysis & Synthesis Resource Usage Summary
  7. Analysis & Synthesis Resource Utilization by Entity
  8. General Register Statistics
  9. Source assignments for LPM_RAM_DQ:dataMem|altram:sram|altsyncram:ram_block|altsyncram_eda1:auto_generated
 10. Parameter Settings for User Entity Instance: LPM_RAM_DQ:dataMem
 11. Post-Synthesis Netlist Statistics for Top Partition
 12. Elapsed Time Per Partition
 13. Analysis & Synthesis Messages



----------------
; Legal Notice ;
----------------
Copyright (C) 2018  Intel Corporation. All rights reserved.
Your use of Intel Corporation's design tools, logic functions 
and other software and tools, and its AMPP partner logic 
functions, and any output files from any of the foregoing 
(including device programming or simulation files), and any 
associated documentation or information are expressly subject 
to the terms and conditions of the Intel Program License 
Subscription Agreement, the Intel Quartus Prime License Agreement,
the Intel FPGA IP License Agreement, or other applicable license
agreement, including, without limitation, that your use is for
the sole purpose of programming logic devices manufactured by
Intel and sold by Intel or its authorized distributors.  Please
refer to the applicable agreement for further details.



+----------------------------------------------------------------------------------+
; Analysis & Synthesis Summary                                                     ;
+------------------------------------+---------------------------------------------+
; Analysis & Synthesis Status        ; Successful - Tue Jun 24 07:32:10 2025       ;
; Quartus Prime Version              ; 18.1.0 Build 625 09/12/2018 SJ Lite Edition ;
; Revision Name                      ; SingleCycleMIPS                             ;
; Top-level Entity Name              ; dataMem                                     ;
; Family                             ; Cyclone IV E                                ;
; Total logic elements               ; 0                                           ;
;     Total combinational functions  ; 0                                           ;
;     Dedicated logic registers      ; 0                                           ;
; Total registers                    ; 0                                           ;
; Total pins                         ; 75                                          ;
; Total virtual pins                 ; 0                                           ;
; Total memory bits                  ; 0                                           ;
; Embedded Multiplier 9-bit elements ; 0                                           ;
; Total PLLs                         ; 0                                           ;
+------------------------------------+---------------------------------------------+


+------------------------------------------------------------------------------------------------------------+
; Analysis & Synthesis Settings                                                                              ;
+------------------------------------------------------------------+--------------------+--------------------+
; Option                                                           ; Setting            ; Default Value      ;
+------------------------------------------------------------------+--------------------+--------------------+
; Device                                                           ; EP4CE115F29C7      ;                    ;
; Top-level entity name                                            ; dataMem            ; SingleCycleMIPS    ;
; Family name                                                      ; Cyclone IV E       ; Cyclone V          ;
; Use smart compilation                                            ; Off                ; Off                ;
; Enable parallel Assembler and Timing Analyzer during compilation ; On                 ; On                 ;
; Enable compact report table                                      ; Off                ; Off                ;
; Restructure Multiplexers                                         ; Auto               ; Auto               ;
; Create Debugging Nodes for IP Cores                              ; Off                ; Off                ;
; Preserve fewer node names                                        ; On                 ; On                 ;
; Intel FPGA IP Evaluation Mode                                    ; Enable             ; Enable             ;
; Verilog Version                                                  ; Verilog_2001       ; Verilog_2001       ;
; VHDL Version                                                     ; VHDL_1993          ; VHDL_1993          ;
; State Machine Processing                                         ; Auto               ; Auto               ;
; Safe State Machine                                               ; Off                ; Off                ;
; Extract Verilog State Machines                                   ; On                 ; On                 ;
; Extract VHDL State Machines                                      ; On                 ; On                 ;
; Ignore Verilog initial constructs                                ; Off                ; Off                ;
; Iteration limit for constant Verilog loops                       ; 5000               ; 5000               ;
; Iteration limit for non-constant Verilog loops                   ; 250                ; 250                ;
; Add Pass-Through Logic to Inferred RAMs                          ; On                 ; On                 ;
; Infer RAMs from Raw Logic                                        ; On                 ; On                 ;
; Parallel Synthesis                                               ; On                 ; On                 ;
; DSP Block Balancing                                              ; Auto               ; Auto               ;
; NOT Gate Push-Back                                               ; On                 ; On                 ;
; Power-Up Don't Care                                              ; On                 ; On                 ;
; Remove Redundant Logic Cells                                     ; Off                ; Off                ;
; Remove Duplicate Registers                                       ; On                 ; On                 ;
; Ignore CARRY Buffers                                             ; Off                ; Off                ;
; Ignore CASCADE Buffers                                           ; Off                ; Off                ;
; Ignore GLOBAL Buffers                                            ; Off                ; Off                ;
; Ignore ROW GLOBAL Buffers                                        ; Off                ; Off                ;
; Ignore LCELL Buffers                                             ; Off                ; Off                ;
; Ignore SOFT Buffers                                              ; On                 ; On                 ;
; Limit AHDL Integers to 32 Bits                                   ; Off                ; Off                ;
; Optimization Technique                                           ; Balanced           ; Balanced           ;
; Carry Chain Length                                               ; 70                 ; 70                 ;
; Auto Carry Chains                                                ; On                 ; On                 ;
; Auto Open-Drain Pins                                             ; On                 ; On                 ;
; Perform WYSIWYG Primitive Resynthesis                            ; Off                ; Off                ;
; Auto ROM Replacement                                             ; On                 ; On                 ;
; Auto RAM Replacement                                             ; On                 ; On                 ;
; Auto DSP Block Replacement                                       ; On                 ; On                 ;
; Auto Shift Register Replacement                                  ; Auto               ; Auto               ;
; Allow Shift Register Merging across Hierarchies                  ; Auto               ; Auto               ;
; Auto Clock Enable Replacement                                    ; On                 ; On                 ;
; Strict RAM Replacement                                           ; Off                ; Off                ;
; Allow Synchronous Control Signals                                ; On                 ; On                 ;
; Force Use of Synchronous Clear Signals                           ; Off                ; Off                ;
; Auto RAM Block Balancing                                         ; On                 ; On                 ;
; Auto RAM to Logic Cell Conversion                                ; Off                ; Off                ;
; Auto Resource Sharing                                            ; Off                ; Off                ;
; Allow Any RAM Size For Recognition                               ; Off                ; Off                ;
; Allow Any ROM Size For Recognition                               ; Off                ; Off                ;
; Allow Any Shift Register Size For Recognition                    ; Off                ; Off                ;
; Use LogicLock Constraints during Resource Balancing              ; On                 ; On                 ;
; Ignore translate_off and synthesis_off directives                ; Off                ; Off                ;
; Timing-Driven Synthesis                                          ; On                 ; On                 ;
; Report Parameter Settings                                        ; On                 ; On                 ;
; Report Source Assignments                                        ; On                 ; On                 ;
; Report Connectivity Checks                                       ; On                 ; On                 ;
; Ignore Maximum Fan-Out Assignments                               ; Off                ; Off                ;
; Synchronization Register Chain Length                            ; 2                  ; 2                  ;
; Power Optimization During Synthesis                              ; Normal compilation ; Normal compilation ;
; HDL message level                                                ; Level2             ; Level2             ;
; Suppress Register Optimization Related Messages                  ; Off                ; Off                ;
; Number of Removed Registers Reported in Synthesis Report         ; 5000               ; 5000               ;
; Number of Swept Nodes Reported in Synthesis Report               ; 5000               ; 5000               ;
; Number of Inverted Registers Reported in Synthesis Report        ; 100                ; 100                ;
; Clock MUX Protection                                             ; On                 ; On                 ;
; Auto Gated Clock Conversion                                      ; Off                ; Off                ;
; Block Design Naming                                              ; Auto               ; Auto               ;
; SDC constraint protection                                        ; Off                ; Off                ;
; Synthesis Effort                                                 ; Auto               ; Auto               ;
; Shift Register Replacement - Allow Asynchronous Clear Signal     ; On                 ; On                 ;
; Pre-Mapping Resynthesis Optimization                             ; Off                ; Off                ;
; Analysis & Synthesis Message Level                               ; Medium             ; Medium             ;
; Disable Register Merging Across Hierarchies                      ; Auto               ; Auto               ;
; Resource Aware Inference For Block RAM                           ; On                 ; On                 ;
+------------------------------------------------------------------+--------------------+--------------------+


+------------------------------------------+
; Parallel Compilation                     ;
+----------------------------+-------------+
; Processors                 ; Number      ;
+----------------------------+-------------+
; Number detected on machine ; 16          ;
; Maximum allowed            ; 16          ;
;                            ;             ;
; Average used               ; 1.00        ;
; Maximum used               ; 1           ;
;                            ;             ;
; Usage by Processor         ; % Time Used ;
;     Processor 1            ; 100.0%      ;
+----------------------------+-------------+


+--------------------------------------------------------------------------------------------------------------------------------------------------------------------------------------+
; Analysis & Synthesis Source Files Read                                                                                                                                               ;
+----------------------------------+-----------------+----------------------------------------+------------------------------------------------------------------------------+---------+
; File Name with User-Entered Path ; Used in Netlist ; File Type                              ; File Name with Absolute Path                                                 ; Library ;
+----------------------------------+-----------------+----------------------------------------+------------------------------------------------------------------------------+---------+
; ../RTL/dataMem.vhd               ; yes             ; User VHDL File                         ; C:/Users/arnav/Desktop/Single-Cycle-MIPS/RTL/dataMem.vhd                     ;         ;
; lpm_ram_dq.tdf                   ; yes             ; Megafunction                           ; c:/intelfpga_lite/18.1/quartus/libraries/megafunctions/lpm_ram_dq.tdf        ;         ;
; altram.inc                       ; yes             ; Megafunction                           ; c:/intelfpga_lite/18.1/quartus/libraries/megafunctions/altram.inc            ;         ;
; lpm_mux.inc                      ; yes             ; Megafunction                           ; c:/intelfpga_lite/18.1/quartus/libraries/megafunctions/lpm_mux.inc           ;         ;
; lpm_decode.inc                   ; yes             ; Megafunction                           ; c:/intelfpga_lite/18.1/quartus/libraries/megafunctions/lpm_decode.inc        ;         ;
; aglobal181.inc                   ; yes             ; Megafunction                           ; c:/intelfpga_lite/18.1/quartus/libraries/megafunctions/aglobal181.inc        ;         ;
; altram.tdf                       ; yes             ; Megafunction                           ; c:/intelfpga_lite/18.1/quartus/libraries/megafunctions/altram.tdf            ;         ;
; memmodes.inc                     ; yes             ; Megafunction                           ; c:/intelfpga_lite/18.1/quartus/libraries/others/maxplus2/memmodes.inc        ;         ;
; altsyncram.inc                   ; yes             ; Megafunction                           ; c:/intelfpga_lite/18.1/quartus/libraries/megafunctions/altsyncram.inc        ;         ;
; altsyncram.tdf                   ; yes             ; Megafunction                           ; c:/intelfpga_lite/18.1/quartus/libraries/megafunctions/altsyncram.tdf        ;         ;
; stratix_ram_block.inc            ; yes             ; Megafunction                           ; c:/intelfpga_lite/18.1/quartus/libraries/megafunctions/stratix_ram_block.inc ;         ;
; a_rdenreg.inc                    ; yes             ; Megafunction                           ; c:/intelfpga_lite/18.1/quartus/libraries/megafunctions/a_rdenreg.inc         ;         ;
; altrom.inc                       ; yes             ; Megafunction                           ; c:/intelfpga_lite/18.1/quartus/libraries/megafunctions/altrom.inc            ;         ;
; altdpram.inc                     ; yes             ; Megafunction                           ; c:/intelfpga_lite/18.1/quartus/libraries/megafunctions/altdpram.inc          ;         ;
; db/altsyncram_eda1.tdf           ; yes             ; Auto-Generated Megafunction            ; C:/Users/arnav/Desktop/Single-Cycle-MIPS/Project/db/altsyncram_eda1.tdf      ;         ;
; testDataMem.mif                  ; yes             ; Auto-Found Memory Initialization File  ; C:/Users/arnav/Desktop/Single-Cycle-MIPS/Project/testDataMem.mif             ;         ;
+----------------------------------+-----------------+----------------------------------------+------------------------------------------------------------------------------+---------+


+-----------------------------------------------------+
; Analysis & Synthesis Resource Usage Summary         ;
+---------------------------------------------+-------+
; Resource                                    ; Usage ;
+---------------------------------------------+-------+
;                                             ;       ;
; Total combinational functions               ; 0     ;
; Logic element usage by number of LUT inputs ;       ;
;     -- 4 input functions                    ; 0     ;
;     -- 3 input functions                    ; 0     ;
;     -- <=2 input functions                  ; 0     ;
;                                             ;       ;
; Logic elements by mode                      ;       ;
;     -- normal mode                          ; 0     ;
;     -- arithmetic mode                      ; 0     ;
;                                             ;       ;
; Total registers                             ; 0     ;
;     -- Dedicated logic registers            ; 0     ;
;     -- I/O registers                        ; 0     ;
;                                             ;       ;
; I/O pins                                    ; 75    ;
;                                             ;       ;
; Embedded Multiplier 9-bit elements          ; 0     ;
;                                             ;       ;
; Maximum fan-out node                        ; clk   ;
; Maximum fan-out                             ; 1     ;
; Total fan-out                               ; 75    ;
; Average fan-out                             ; 0.50  ;
+---------------------------------------------+-------+


+----------------------------------------------------------------------------------------------------------------------------------------------------------------------------------------------------------+
; Analysis & Synthesis Resource Utilization by Entity                                                                                                                                                      ;
+----------------------------+---------------------+---------------------------+-------------+--------------+---------+-----------+------+--------------+---------------------+-------------+--------------+
; Compilation Hierarchy Node ; Combinational ALUTs ; Dedicated Logic Registers ; Memory Bits ; DSP Elements ; DSP 9x9 ; DSP 18x18 ; Pins ; Virtual Pins ; Full Hierarchy Name ; Entity Name ; Library Name ;
+----------------------------+---------------------+---------------------------+-------------+--------------+---------+-----------+------+--------------+---------------------+-------------+--------------+
; |dataMem                   ; 0 (0)               ; 0 (0)                     ; 0           ; 0            ; 0       ; 0         ; 75   ; 0            ; |dataMem            ; lpm_ram_dq  ; work         ;
+----------------------------+---------------------+---------------------------+-------------+--------------+---------+-----------+------+--------------+---------------------+-------------+--------------+
Note: For table entries with two numbers listed, the numbers in parentheses indicate the number of resources of the given type used by the specific entity alone. The numbers listed outside of parentheses indicate the total resources of the given type used by the specific entity and all of its sub-entities in the hierarchy.


+------------------------------------------------------+
; General Register Statistics                          ;
+----------------------------------------------+-------+
; Statistic                                    ; Value ;
+----------------------------------------------+-------+
; Total registers                              ; 0     ;
; Number of registers using Synchronous Clear  ; 0     ;
; Number of registers using Synchronous Load   ; 0     ;
; Number of registers using Asynchronous Clear ; 0     ;
; Number of registers using Asynchronous Load  ; 0     ;
; Number of registers using Clock Enable       ; 0     ;
; Number of registers using Preset             ; 0     ;
+----------------------------------------------+-------+


+-----------------------------------------------------------------------------------------------------------+
; Source assignments for LPM_RAM_DQ:dataMem|altram:sram|altsyncram:ram_block|altsyncram_eda1:auto_generated ;
+---------------------------------+--------------------+------+---------------------------------------------+
; Assignment                      ; Value              ; From ; To                                          ;
+---------------------------------+--------------------+------+---------------------------------------------+
; OPTIMIZE_POWER_DURING_SYNTHESIS ; NORMAL_COMPILATION ; -    ; -                                           ;
+---------------------------------+--------------------+------+---------------------------------------------+


+-----------------------------------------------------------------+
; Parameter Settings for User Entity Instance: LPM_RAM_DQ:dataMem ;
+------------------------+-----------------+----------------------+
; Parameter Name         ; Value           ; Type                 ;
+------------------------+-----------------+----------------------+
; LPM_WIDTH              ; 32              ; Signed Integer       ;
; LPM_WIDTHAD            ; 8               ; Signed Integer       ;
; LPM_NUMWORDS           ; 256             ; Signed Integer       ;
; LPM_INDATA             ; REGISTERED      ; Untyped              ;
; LPM_ADDRESS_CONTROL    ; REGISTERED      ; Untyped              ;
; LPM_OUTDATA            ; UNREGISTERED    ; Untyped              ;
; LPM_FILE               ; testDataMem.mif ; Untyped              ;
; USE_EAB                ; ON              ; Untyped              ;
; DEVICE_FAMILY          ; Cyclone IV E    ; Untyped              ;
; CBXI_PARAMETER         ; NOTHING         ; Untyped              ;
; AUTO_CARRY_CHAINS      ; ON              ; AUTO_CARRY           ;
; IGNORE_CARRY_BUFFERS   ; OFF             ; IGNORE_CARRY         ;
; AUTO_CASCADE_CHAINS    ; ON              ; AUTO_CASCADE         ;
; IGNORE_CASCADE_BUFFERS ; OFF             ; IGNORE_CASCADE       ;
+------------------------+-----------------+----------------------+
Note: In order to hide this table in the UI and the text report file, please set the "Show Parameter Settings in Synthesis Report" option in "Analysis and Synthesis Settings -> More Settings" to "Off".


+-----------------------------------------------------+
; Post-Synthesis Netlist Statistics for Top Partition ;
+-----------------------+-----------------------------+
; Type                  ; Count                       ;
+-----------------------+-----------------------------+
; boundary_port         ; 75                          ;
; cycloneiii_lcell_comb ; 1                           ;
;     normal            ; 1                           ;
;         0 data inputs ; 1                           ;
;                       ;                             ;
; Max LUT depth         ; 0.00                        ;
; Average LUT depth     ; 0.00                        ;
+-----------------------+-----------------------------+


+-------------------------------+
; Elapsed Time Per Partition    ;
+----------------+--------------+
; Partition Name ; Elapsed Time ;
+----------------+--------------+
; Top            ; 00:00:00     ;
+----------------+--------------+


+-------------------------------+
; Analysis & Synthesis Messages ;
+-------------------------------+
Info: *******************************************************************
Info: Running Quartus Prime Analysis & Synthesis
    Info: Version 18.1.0 Build 625 09/12/2018 SJ Lite Edition
    Info: Processing started: Tue Jun 24 07:32:00 2025
Info: Command: quartus_map --read_settings_files=on --write_settings_files=off SingleCycleMIPS -c SingleCycleMIPS
Warning (18236): Number of processors has not been specified which may cause overloading on shared machines.  Set the global assignment NUM_PARALLEL_PROCESSORS in your QSF to an appropriate value for best performance.
Info (20030): Parallel compilation is enabled and will use 16 of the 16 processors detected
Info (12021): Found 2 design units, including 1 entities, in source file /users/arnav/desktop/single-cycle-mips/rtl/datamem.vhd
    Info (12022): Found design unit 1: dataMem-rtl File: C:/Users/arnav/Desktop/Single-Cycle-MIPS/RTL/dataMem.vhd Line: 14
    Info (12023): Found entity 1: dataMem File: C:/Users/arnav/Desktop/Single-Cycle-MIPS/RTL/dataMem.vhd Line: 4
Info (12021): Found 2 design units, including 1 entities, in source file /users/arnav/desktop/single-cycle-mips/rtl/instructionmem.vhd
    Info (12022): Found design unit 1: instructionMem-rtl File: C:/Users/arnav/Desktop/Single-Cycle-MIPS/RTL/instructionMem.vhd Line: 12
    Info (12023): Found entity 1: instructionMem File: C:/Users/arnav/Desktop/Single-Cycle-MIPS/RTL/instructionMem.vhd Line: 4
Info (12021): Found 2 design units, including 1 entities, in source file /users/arnav/desktop/single-cycle-mips/rtl/regfile.vhd
    Info (12022): Found design unit 1: RegFile-rtl File: C:/Users/arnav/Desktop/Single-Cycle-MIPS/RTL/RegFile.vhd Line: 15
    Info (12023): Found entity 1: RegFile File: C:/Users/arnav/Desktop/Single-Cycle-MIPS/RTL/RegFile.vhd Line: 5
Info (12021): Found 2 design units, including 1 entities, in source file /users/arnav/desktop/single-cycle-mips/rtl/onebitalu.vhd
    Info (12022): Found design unit 1: oneBitALU-structural File: C:/Users/arnav/Desktop/Single-Cycle-MIPS/RTL/oneBitALU.vhd Line: 13
    Info (12023): Found entity 1: oneBitALU File: C:/Users/arnav/Desktop/Single-Cycle-MIPS/RTL/oneBitALU.vhd Line: 4
Info (12021): Found 2 design units, including 1 entities, in source file /users/arnav/desktop/single-cycle-mips/rtl/onebitaddersubtractor.vhd
    Info (12022): Found design unit 1: oneBitAdderSubtractor-rtl File: C:/Users/arnav/Desktop/Single-Cycle-MIPS/RTL/oneBitAdderSubtractor.vhd Line: 12
    Info (12023): Found entity 1: oneBitAdderSubtractor File: C:/Users/arnav/Desktop/Single-Cycle-MIPS/RTL/oneBitAdderSubtractor.vhd Line: 4
Info (12021): Found 2 design units, including 1 entities, in source file /users/arnav/desktop/single-cycle-mips/rtl/nbitregister.vhd
    Info (12022): Found design unit 1: nBitRegister-rtl File: C:/Users/arnav/Desktop/Single-Cycle-MIPS/RTL/nbitregister.vhd Line: 13
    Info (12023): Found entity 1: nBitRegister File: C:/Users/arnav/Desktop/Single-Cycle-MIPS/RTL/nbitregister.vhd Line: 4
Info (12021): Found 2 design units, including 1 entities, in source file /users/arnav/desktop/single-cycle-mips/rtl/nbitmux81.vhd
    Info (12022): Found design unit 1: nbitmux81-structural File: C:/Users/arnav/Desktop/Single-Cycle-MIPS/RTL/nbitmux81.vhd Line: 12
    Info (12023): Found entity 1: nbitmux81 File: C:/Users/arnav/Desktop/Single-Cycle-MIPS/RTL/nbitmux81.vhd Line: 4
Info (12021): Found 2 design units, including 1 entities, in source file /users/arnav/desktop/single-cycle-mips/rtl/nbitmux41.vhd
    Info (12022): Found design unit 1: nbitmux41-structural File: C:/Users/arnav/Desktop/Single-Cycle-MIPS/RTL/nbitmux41.vhd Line: 11
    Info (12023): Found entity 1: nbitmux41 File: C:/Users/arnav/Desktop/Single-Cycle-MIPS/RTL/nbitmux41.vhd Line: 4
Info (12021): Found 2 design units, including 1 entities, in source file /users/arnav/desktop/single-cycle-mips/rtl/nbitmux21.vhd
    Info (12022): Found design unit 1: nbitmux21-structural File: C:/Users/arnav/Desktop/Single-Cycle-MIPS/RTL/nbitmux21.vhd Line: 11
    Info (12023): Found entity 1: nbitmux21 File: C:/Users/arnav/Desktop/Single-Cycle-MIPS/RTL/nbitmux21.vhd Line: 4
Info (12021): Found 2 design units, including 1 entities, in source file /users/arnav/desktop/single-cycle-mips/rtl/nbitaddersubtractor.vhd
    Info (12022): Found design unit 1: nBitAdderSubtractor-rtl File: C:/Users/arnav/Desktop/Single-Cycle-MIPS/RTL/nBitAdderSubtractor.vhd Line: 14
    Info (12023): Found entity 1: nBitAdderSubtractor File: C:/Users/arnav/Desktop/Single-Cycle-MIPS/RTL/nBitAdderSubtractor.vhd Line: 4
Warning (12090): Entity "mux41" obtained from "../RTL/mux41.vhd" instead of from Quartus Prime megafunction library File: C:/Users/arnav/Desktop/Single-Cycle-MIPS/RTL/mux41.vhd Line: 4
Info (12021): Found 2 design units, including 1 entities, in source file /users/arnav/desktop/single-cycle-mips/rtl/mux41.vhd
    Info (12022): Found design unit 1: mux41-structural File: C:/Users/arnav/Desktop/Single-Cycle-MIPS/RTL/mux41.vhd Line: 9
    Info (12023): Found entity 1: mux41 File: C:/Users/arnav/Desktop/Single-Cycle-MIPS/RTL/mux41.vhd Line: 4
Info (12021): Found 2 design units, including 1 entities, in source file /users/arnav/desktop/single-cycle-mips/rtl/mux21.vhd
    Info (12022): Found design unit 1: mux21-structural File: C:/Users/arnav/Desktop/Single-Cycle-MIPS/RTL/mux21.vhd Line: 9
    Info (12023): Found entity 1: mux21 File: C:/Users/arnav/Desktop/Single-Cycle-MIPS/RTL/mux21.vhd Line: 4
Info (12021): Found 2 design units, including 1 entities, in source file /users/arnav/desktop/single-cycle-mips/rtl/enardff_2.vhd
    Info (12022): Found design unit 1: enARdFF_2-rtl File: C:/Users/arnav/Desktop/Single-Cycle-MIPS/RTL/enardFF_2.vhd Line: 40
    Info (12023): Found entity 1: enARdFF_2 File: C:/Users/arnav/Desktop/Single-Cycle-MIPS/RTL/enardFF_2.vhd Line: 31
Info (12021): Found 2 design units, including 1 entities, in source file /users/arnav/desktop/single-cycle-mips/rtl/decoder38.vhd
    Info (12022): Found design unit 1: decoder38-rtl File: C:/Users/arnav/Desktop/Single-Cycle-MIPS/RTL/decoder38.vhd Line: 11
    Info (12023): Found entity 1: decoder38 File: C:/Users/arnav/Desktop/Single-Cycle-MIPS/RTL/decoder38.vhd Line: 4
Info (12021): Found 2 design units, including 1 entities, in source file /users/arnav/desktop/single-cycle-mips/rtl/alu.vhd
    Info (12022): Found design unit 1: ALU-structural File: C:/Users/arnav/Desktop/Single-Cycle-MIPS/RTL/ALU.vhd Line: 16
    Info (12023): Found entity 1: ALU File: C:/Users/arnav/Desktop/Single-Cycle-MIPS/RTL/ALU.vhd Line: 5
Info (12127): Elaborating entity "dataMem" for the top level hierarchy
Warning (10541): VHDL Signal Declaration warning at dataMem.vhd(10): used implicit default value for signal "o_readData" because signal was never assigned a value or an explicit default value. Use of implicit default value may introduce unintended design optimizations. File: C:/Users/arnav/Desktop/Single-Cycle-MIPS/RTL/dataMem.vhd Line: 10
Info (12128): Elaborating entity "LPM_RAM_DQ" for hierarchy "LPM_RAM_DQ:dataMem" File: C:/Users/arnav/Desktop/Single-Cycle-MIPS/RTL/dataMem.vhd Line: 36
Info (12130): Elaborated megafunction instantiation "LPM_RAM_DQ:dataMem" File: C:/Users/arnav/Desktop/Single-Cycle-MIPS/RTL/dataMem.vhd Line: 36
Info (12133): Instantiated megafunction "LPM_RAM_DQ:dataMem" with the following parameter: File: C:/Users/arnav/Desktop/Single-Cycle-MIPS/RTL/dataMem.vhd Line: 36
    Info (12134): Parameter "LPM_WIDTH" = "32"
    Info (12134): Parameter "LPM_WIDTHAD" = "8"
    Info (12134): Parameter "LPM_NUMWORDS" = "256"
    Info (12134): Parameter "LPM_INDATA" = "REGISTERED"
    Info (12134): Parameter "LPM_ADDRESS_CONTROL" = "REGISTERED"
    Info (12134): Parameter "LPM_OUTDATA" = "UNREGISTERED"
    Info (12134): Parameter "LPM_FILE" = "testDataMem.mif"
    Info (12134): Parameter "LPM_TYPE" = "L_RAM_DQ"
    Info (12134): Parameter "USE_EAB" = "ON"
    Info (12134): Parameter "INTENDED_DEVICE_FAMILY" = "UNUSED"
    Info (12134): Parameter "LPM_HINT" = "UNUSED"
Info (12128): Elaborating entity "altram" for hierarchy "LPM_RAM_DQ:dataMem|altram:sram" File: c:/intelfpga_lite/18.1/quartus/libraries/megafunctions/lpm_ram_dq.tdf Line: 105
Warning (287001): Assertion warning: altram does not support Cyclone IV E device family -- attempting best-case memory conversions, but power-up states and read during write behavior will be different for Cyclone IV E devices File: c:/intelfpga_lite/18.1/quartus/libraries/megafunctions/altram.tdf Line: 211
Info (12131): Elaborated megafunction instantiation "LPM_RAM_DQ:dataMem|altram:sram", which is child of megafunction instantiation "LPM_RAM_DQ:dataMem" File: c:/intelfpga_lite/18.1/quartus/libraries/megafunctions/lpm_ram_dq.tdf Line: 105
Info (12128): Elaborating entity "altsyncram" for hierarchy "LPM_RAM_DQ:dataMem|altram:sram|altsyncram:ram_block" File: c:/intelfpga_lite/18.1/quartus/libraries/megafunctions/altram.tdf Line: 102
Info (12131): Elaborated megafunction instantiation "LPM_RAM_DQ:dataMem|altram:sram|altsyncram:ram_block", which is child of megafunction instantiation "LPM_RAM_DQ:dataMem" File: c:/intelfpga_lite/18.1/quartus/libraries/megafunctions/altram.tdf Line: 102
Info (12021): Found 1 design units, including 1 entities, in source file db/altsyncram_eda1.tdf
    Info (12023): Found entity 1: altsyncram_eda1 File: C:/Users/arnav/Desktop/Single-Cycle-MIPS/Project/db/altsyncram_eda1.tdf Line: 27
Info (12128): Elaborating entity "altsyncram_eda1" for hierarchy "LPM_RAM_DQ:dataMem|altram:sram|altsyncram:ram_block|altsyncram_eda1:auto_generated" File: c:/intelfpga_lite/18.1/quartus/libraries/megafunctions/altsyncram.tdf Line: 791
Warning (113031): 2 out of 256 addresses are reinitialized. The latest initialized data will replace the existing data. There are 2 warnings found, and 2 warnings are reported. File: C:/Users/arnav/Desktop/Single-Cycle-MIPS/Project/testDataMem.mif Line: 1
    Warning (113030): Memory Initialization File address 0 is reinitialized File: C:/Users/arnav/Desktop/Single-Cycle-MIPS/Project/ Line: 13
    Warning (113030): Memory Initialization File address 1 is reinitialized File: C:/Users/arnav/Desktop/Single-Cycle-MIPS/Project/ Line: 14
Warning (14284): Synthesized away the following node(s):
    Warning (14285): Synthesized away the following RAM node(s):
        Warning (14320): Synthesized away node "lpm_ram_dq:dataMem|altram:sram|altsyncram:ram_block|altsyncram_eda1:auto_generated|q_a[0]" File: C:/Users/arnav/Desktop/Single-Cycle-MIPS/Project/db/altsyncram_eda1.tdf Line: 36
        Warning (14320): Synthesized away node "lpm_ram_dq:dataMem|altram:sram|altsyncram:ram_block|altsyncram_eda1:auto_generated|q_a[1]" File: C:/Users/arnav/Desktop/Single-Cycle-MIPS/Project/db/altsyncram_eda1.tdf Line: 59
        Warning (14320): Synthesized away node "lpm_ram_dq:dataMem|altram:sram|altsyncram:ram_block|altsyncram_eda1:auto_generated|q_a[2]" File: C:/Users/arnav/Desktop/Single-Cycle-MIPS/Project/db/altsyncram_eda1.tdf Line: 82
        Warning (14320): Synthesized away node "lpm_ram_dq:dataMem|altram:sram|altsyncram:ram_block|altsyncram_eda1:auto_generated|q_a[3]" File: C:/Users/arnav/Desktop/Single-Cycle-MIPS/Project/db/altsyncram_eda1.tdf Line: 105
        Warning (14320): Synthesized away node "lpm_ram_dq:dataMem|altram:sram|altsyncram:ram_block|altsyncram_eda1:auto_generated|q_a[4]" File: C:/Users/arnav/Desktop/Single-Cycle-MIPS/Project/db/altsyncram_eda1.tdf Line: 128
        Warning (14320): Synthesized away node "lpm_ram_dq:dataMem|altram:sram|altsyncram:ram_block|altsyncram_eda1:auto_generated|q_a[5]" File: C:/Users/arnav/Desktop/Single-Cycle-MIPS/Project/db/altsyncram_eda1.tdf Line: 151
        Warning (14320): Synthesized away node "lpm_ram_dq:dataMem|altram:sram|altsyncram:ram_block|altsyncram_eda1:auto_generated|q_a[6]" File: C:/Users/arnav/Desktop/Single-Cycle-MIPS/Project/db/altsyncram_eda1.tdf Line: 174
        Warning (14320): Synthesized away node "lpm_ram_dq:dataMem|altram:sram|altsyncram:ram_block|altsyncram_eda1:auto_generated|q_a[7]" File: C:/Users/arnav/Desktop/Single-Cycle-MIPS/Project/db/altsyncram_eda1.tdf Line: 197
        Warning (14320): Synthesized away node "lpm_ram_dq:dataMem|altram:sram|altsyncram:ram_block|altsyncram_eda1:auto_generated|q_a[8]" File: C:/Users/arnav/Desktop/Single-Cycle-MIPS/Project/db/altsyncram_eda1.tdf Line: 220
        Warning (14320): Synthesized away node "lpm_ram_dq:dataMem|altram:sram|altsyncram:ram_block|altsyncram_eda1:auto_generated|q_a[9]" File: C:/Users/arnav/Desktop/Single-Cycle-MIPS/Project/db/altsyncram_eda1.tdf Line: 243
        Warning (14320): Synthesized away node "lpm_ram_dq:dataMem|altram:sram|altsyncram:ram_block|altsyncram_eda1:auto_generated|q_a[10]" File: C:/Users/arnav/Desktop/Single-Cycle-MIPS/Project/db/altsyncram_eda1.tdf Line: 266
        Warning (14320): Synthesized away node "lpm_ram_dq:dataMem|altram:sram|altsyncram:ram_block|altsyncram_eda1:auto_generated|q_a[11]" File: C:/Users/arnav/Desktop/Single-Cycle-MIPS/Project/db/altsyncram_eda1.tdf Line: 289
        Warning (14320): Synthesized away node "lpm_ram_dq:dataMem|altram:sram|altsyncram:ram_block|altsyncram_eda1:auto_generated|q_a[12]" File: C:/Users/arnav/Desktop/Single-Cycle-MIPS/Project/db/altsyncram_eda1.tdf Line: 312
        Warning (14320): Synthesized away node "lpm_ram_dq:dataMem|altram:sram|altsyncram:ram_block|altsyncram_eda1:auto_generated|q_a[13]" File: C:/Users/arnav/Desktop/Single-Cycle-MIPS/Project/db/altsyncram_eda1.tdf Line: 335
        Warning (14320): Synthesized away node "lpm_ram_dq:dataMem|altram:sram|altsyncram:ram_block|altsyncram_eda1:auto_generated|q_a[14]" File: C:/Users/arnav/Desktop/Single-Cycle-MIPS/Project/db/altsyncram_eda1.tdf Line: 358
        Warning (14320): Synthesized away node "lpm_ram_dq:dataMem|altram:sram|altsyncram:ram_block|altsyncram_eda1:auto_generated|q_a[15]" File: C:/Users/arnav/Desktop/Single-Cycle-MIPS/Project/db/altsyncram_eda1.tdf Line: 381
        Warning (14320): Synthesized away node "lpm_ram_dq:dataMem|altram:sram|altsyncram:ram_block|altsyncram_eda1:auto_generated|q_a[16]" File: C:/Users/arnav/Desktop/Single-Cycle-MIPS/Project/db/altsyncram_eda1.tdf Line: 404
        Warning (14320): Synthesized away node "lpm_ram_dq:dataMem|altram:sram|altsyncram:ram_block|altsyncram_eda1:auto_generated|q_a[17]" File: C:/Users/arnav/Desktop/Single-Cycle-MIPS/Project/db/altsyncram_eda1.tdf Line: 427
        Warning (14320): Synthesized away node "lpm_ram_dq:dataMem|altram:sram|altsyncram:ram_block|altsyncram_eda1:auto_generated|q_a[18]" File: C:/Users/arnav/Desktop/Single-Cycle-MIPS/Project/db/altsyncram_eda1.tdf Line: 450
        Warning (14320): Synthesized away node "lpm_ram_dq:dataMem|altram:sram|altsyncram:ram_block|altsyncram_eda1:auto_generated|q_a[19]" File: C:/Users/arnav/Desktop/Single-Cycle-MIPS/Project/db/altsyncram_eda1.tdf Line: 473
        Warning (14320): Synthesized away node "lpm_ram_dq:dataMem|altram:sram|altsyncram:ram_block|altsyncram_eda1:auto_generated|q_a[20]" File: C:/Users/arnav/Desktop/Single-Cycle-MIPS/Project/db/altsyncram_eda1.tdf Line: 496
        Warning (14320): Synthesized away node "lpm_ram_dq:dataMem|altram:sram|altsyncram:ram_block|altsyncram_eda1:auto_generated|q_a[21]" File: C:/Users/arnav/Desktop/Single-Cycle-MIPS/Project/db/altsyncram_eda1.tdf Line: 519
        Warning (14320): Synthesized away node "lpm_ram_dq:dataMem|altram:sram|altsyncram:ram_block|altsyncram_eda1:auto_generated|q_a[22]" File: C:/Users/arnav/Desktop/Single-Cycle-MIPS/Project/db/altsyncram_eda1.tdf Line: 542
        Warning (14320): Synthesized away node "lpm_ram_dq:dataMem|altram:sram|altsyncram:ram_block|altsyncram_eda1:auto_generated|q_a[23]" File: C:/Users/arnav/Desktop/Single-Cycle-MIPS/Project/db/altsyncram_eda1.tdf Line: 565
        Warning (14320): Synthesized away node "lpm_ram_dq:dataMem|altram:sram|altsyncram:ram_block|altsyncram_eda1:auto_generated|q_a[24]" File: C:/Users/arnav/Desktop/Single-Cycle-MIPS/Project/db/altsyncram_eda1.tdf Line: 588
        Warning (14320): Synthesized away node "lpm_ram_dq:dataMem|altram:sram|altsyncram:ram_block|altsyncram_eda1:auto_generated|q_a[25]" File: C:/Users/arnav/Desktop/Single-Cycle-MIPS/Project/db/altsyncram_eda1.tdf Line: 611
        Warning (14320): Synthesized away node "lpm_ram_dq:dataMem|altram:sram|altsyncram:ram_block|altsyncram_eda1:auto_generated|q_a[26]" File: C:/Users/arnav/Desktop/Single-Cycle-MIPS/Project/db/altsyncram_eda1.tdf Line: 634
        Warning (14320): Synthesized away node "lpm_ram_dq:dataMem|altram:sram|altsyncram:ram_block|altsyncram_eda1:auto_generated|q_a[27]" File: C:/Users/arnav/Desktop/Single-Cycle-MIPS/Project/db/altsyncram_eda1.tdf Line: 657
        Warning (14320): Synthesized away node "lpm_ram_dq:dataMem|altram:sram|altsyncram:ram_block|altsyncram_eda1:auto_generated|q_a[28]" File: C:/Users/arnav/Desktop/Single-Cycle-MIPS/Project/db/altsyncram_eda1.tdf Line: 680
        Warning (14320): Synthesized away node "lpm_ram_dq:dataMem|altram:sram|altsyncram:ram_block|altsyncram_eda1:auto_generated|q_a[29]" File: C:/Users/arnav/Desktop/Single-Cycle-MIPS/Project/db/altsyncram_eda1.tdf Line: 703
        Warning (14320): Synthesized away node "lpm_ram_dq:dataMem|altram:sram|altsyncram:ram_block|altsyncram_eda1:auto_generated|q_a[30]" File: C:/Users/arnav/Desktop/Single-Cycle-MIPS/Project/db/altsyncram_eda1.tdf Line: 726
        Warning (14320): Synthesized away node "lpm_ram_dq:dataMem|altram:sram|altsyncram:ram_block|altsyncram_eda1:auto_generated|q_a[31]" File: C:/Users/arnav/Desktop/Single-Cycle-MIPS/Project/db/altsyncram_eda1.tdf Line: 749
Warning (13024): Output pins are stuck at VCC or GND
    Warning (13410): Pin "o_readData[0]" is stuck at GND File: C:/Users/arnav/Desktop/Single-Cycle-MIPS/RTL/dataMem.vhd Line: 10
    Warning (13410): Pin "o_readData[1]" is stuck at GND File: C:/Users/arnav/Desktop/Single-Cycle-MIPS/RTL/dataMem.vhd Line: 10
    Warning (13410): Pin "o_readData[2]" is stuck at GND File: C:/Users/arnav/Desktop/Single-Cycle-MIPS/RTL/dataMem.vhd Line: 10
    Warning (13410): Pin "o_readData[3]" is stuck at GND File: C:/Users/arnav/Desktop/Single-Cycle-MIPS/RTL/dataMem.vhd Line: 10
    Warning (13410): Pin "o_readData[4]" is stuck at GND File: C:/Users/arnav/Desktop/Single-Cycle-MIPS/RTL/dataMem.vhd Line: 10
    Warning (13410): Pin "o_readData[5]" is stuck at GND File: C:/Users/arnav/Desktop/Single-Cycle-MIPS/RTL/dataMem.vhd Line: 10
    Warning (13410): Pin "o_readData[6]" is stuck at GND File: C:/Users/arnav/Desktop/Single-Cycle-MIPS/RTL/dataMem.vhd Line: 10
    Warning (13410): Pin "o_readData[7]" is stuck at GND File: C:/Users/arnav/Desktop/Single-Cycle-MIPS/RTL/dataMem.vhd Line: 10
    Warning (13410): Pin "o_readData[8]" is stuck at GND File: C:/Users/arnav/Desktop/Single-Cycle-MIPS/RTL/dataMem.vhd Line: 10
    Warning (13410): Pin "o_readData[9]" is stuck at GND File: C:/Users/arnav/Desktop/Single-Cycle-MIPS/RTL/dataMem.vhd Line: 10
    Warning (13410): Pin "o_readData[10]" is stuck at GND File: C:/Users/arnav/Desktop/Single-Cycle-MIPS/RTL/dataMem.vhd Line: 10
    Warning (13410): Pin "o_readData[11]" is stuck at GND File: C:/Users/arnav/Desktop/Single-Cycle-MIPS/RTL/dataMem.vhd Line: 10
    Warning (13410): Pin "o_readData[12]" is stuck at GND File: C:/Users/arnav/Desktop/Single-Cycle-MIPS/RTL/dataMem.vhd Line: 10
    Warning (13410): Pin "o_readData[13]" is stuck at GND File: C:/Users/arnav/Desktop/Single-Cycle-MIPS/RTL/dataMem.vhd Line: 10
    Warning (13410): Pin "o_readData[14]" is stuck at GND File: C:/Users/arnav/Desktop/Single-Cycle-MIPS/RTL/dataMem.vhd Line: 10
    Warning (13410): Pin "o_readData[15]" is stuck at GND File: C:/Users/arnav/Desktop/Single-Cycle-MIPS/RTL/dataMem.vhd Line: 10
    Warning (13410): Pin "o_readData[16]" is stuck at GND File: C:/Users/arnav/Desktop/Single-Cycle-MIPS/RTL/dataMem.vhd Line: 10
    Warning (13410): Pin "o_readData[17]" is stuck at GND File: C:/Users/arnav/Desktop/Single-Cycle-MIPS/RTL/dataMem.vhd Line: 10
    Warning (13410): Pin "o_readData[18]" is stuck at GND File: C:/Users/arnav/Desktop/Single-Cycle-MIPS/RTL/dataMem.vhd Line: 10
    Warning (13410): Pin "o_readData[19]" is stuck at GND File: C:/Users/arnav/Desktop/Single-Cycle-MIPS/RTL/dataMem.vhd Line: 10
    Warning (13410): Pin "o_readData[20]" is stuck at GND File: C:/Users/arnav/Desktop/Single-Cycle-MIPS/RTL/dataMem.vhd Line: 10
    Warning (13410): Pin "o_readData[21]" is stuck at GND File: C:/Users/arnav/Desktop/Single-Cycle-MIPS/RTL/dataMem.vhd Line: 10
    Warning (13410): Pin "o_readData[22]" is stuck at GND File: C:/Users/arnav/Desktop/Single-Cycle-MIPS/RTL/dataMem.vhd Line: 10
    Warning (13410): Pin "o_readData[23]" is stuck at GND File: C:/Users/arnav/Desktop/Single-Cycle-MIPS/RTL/dataMem.vhd Line: 10
    Warning (13410): Pin "o_readData[24]" is stuck at GND File: C:/Users/arnav/Desktop/Single-Cycle-MIPS/RTL/dataMem.vhd Line: 10
    Warning (13410): Pin "o_readData[25]" is stuck at GND File: C:/Users/arnav/Desktop/Single-Cycle-MIPS/RTL/dataMem.vhd Line: 10
    Warning (13410): Pin "o_readData[26]" is stuck at GND File: C:/Users/arnav/Desktop/Single-Cycle-MIPS/RTL/dataMem.vhd Line: 10
    Warning (13410): Pin "o_readData[27]" is stuck at GND File: C:/Users/arnav/Desktop/Single-Cycle-MIPS/RTL/dataMem.vhd Line: 10
    Warning (13410): Pin "o_readData[28]" is stuck at GND File: C:/Users/arnav/Desktop/Single-Cycle-MIPS/RTL/dataMem.vhd Line: 10
    Warning (13410): Pin "o_readData[29]" is stuck at GND File: C:/Users/arnav/Desktop/Single-Cycle-MIPS/RTL/dataMem.vhd Line: 10
    Warning (13410): Pin "o_readData[30]" is stuck at GND File: C:/Users/arnav/Desktop/Single-Cycle-MIPS/RTL/dataMem.vhd Line: 10
    Warning (13410): Pin "o_readData[31]" is stuck at GND File: C:/Users/arnav/Desktop/Single-Cycle-MIPS/RTL/dataMem.vhd Line: 10
Info (16010): Generating hard_block partition "hard_block:auto_generated_inst"
    Info (16011): Adding 0 node(s), including 0 DDIO, 0 PLL, 0 transceiver and 0 LCELL
Warning (21074): Design contains 43 input pin(s) that do not drive logic
    Warning (15610): No output dependent on input pin "clk" File: C:/Users/arnav/Desktop/Single-Cycle-MIPS/RTL/dataMem.vhd Line: 6
    Warning (15610): No output dependent on input pin "i_address[0]" File: C:/Users/arnav/Desktop/Single-Cycle-MIPS/RTL/dataMem.vhd Line: 7
    Warning (15610): No output dependent on input pin "i_address[1]" File: C:/Users/arnav/Desktop/Single-Cycle-MIPS/RTL/dataMem.vhd Line: 7
    Warning (15610): No output dependent on input pin "i_address[2]" File: C:/Users/arnav/Desktop/Single-Cycle-MIPS/RTL/dataMem.vhd Line: 7
    Warning (15610): No output dependent on input pin "i_address[3]" File: C:/Users/arnav/Desktop/Single-Cycle-MIPS/RTL/dataMem.vhd Line: 7
    Warning (15610): No output dependent on input pin "i_address[4]" File: C:/Users/arnav/Desktop/Single-Cycle-MIPS/RTL/dataMem.vhd Line: 7
    Warning (15610): No output dependent on input pin "i_address[5]" File: C:/Users/arnav/Desktop/Single-Cycle-MIPS/RTL/dataMem.vhd Line: 7
    Warning (15610): No output dependent on input pin "i_address[6]" File: C:/Users/arnav/Desktop/Single-Cycle-MIPS/RTL/dataMem.vhd Line: 7
    Warning (15610): No output dependent on input pin "i_address[7]" File: C:/Users/arnav/Desktop/Single-Cycle-MIPS/RTL/dataMem.vhd Line: 7
    Warning (15610): No output dependent on input pin "i_writeData[0]" File: C:/Users/arnav/Desktop/Single-Cycle-MIPS/RTL/dataMem.vhd Line: 8
    Warning (15610): No output dependent on input pin "i_writeData[1]" File: C:/Users/arnav/Desktop/Single-Cycle-MIPS/RTL/dataMem.vhd Line: 8
    Warning (15610): No output dependent on input pin "i_writeData[2]" File: C:/Users/arnav/Desktop/Single-Cycle-MIPS/RTL/dataMem.vhd Line: 8
    Warning (15610): No output dependent on input pin "i_writeData[3]" File: C:/Users/arnav/Desktop/Single-Cycle-MIPS/RTL/dataMem.vhd Line: 8
    Warning (15610): No output dependent on input pin "i_writeData[4]" File: C:/Users/arnav/Desktop/Single-Cycle-MIPS/RTL/dataMem.vhd Line: 8
    Warning (15610): No output dependent on input pin "i_writeData[5]" File: C:/Users/arnav/Desktop/Single-Cycle-MIPS/RTL/dataMem.vhd Line: 8
    Warning (15610): No output dependent on input pin "i_writeData[6]" File: C:/Users/arnav/Desktop/Single-Cycle-MIPS/RTL/dataMem.vhd Line: 8
    Warning (15610): No output dependent on input pin "i_writeData[7]" File: C:/Users/arnav/Desktop/Single-Cycle-MIPS/RTL/dataMem.vhd Line: 8
    Warning (15610): No output dependent on input pin "i_writeData[8]" File: C:/Users/arnav/Desktop/Single-Cycle-MIPS/RTL/dataMem.vhd Line: 8
    Warning (15610): No output dependent on input pin "i_writeData[9]" File: C:/Users/arnav/Desktop/Single-Cycle-MIPS/RTL/dataMem.vhd Line: 8
    Warning (15610): No output dependent on input pin "i_writeData[10]" File: C:/Users/arnav/Desktop/Single-Cycle-MIPS/RTL/dataMem.vhd Line: 8
    Warning (15610): No output dependent on input pin "i_writeData[11]" File: C:/Users/arnav/Desktop/Single-Cycle-MIPS/RTL/dataMem.vhd Line: 8
    Warning (15610): No output dependent on input pin "i_writeData[12]" File: C:/Users/arnav/Desktop/Single-Cycle-MIPS/RTL/dataMem.vhd Line: 8
    Warning (15610): No output dependent on input pin "i_writeData[13]" File: C:/Users/arnav/Desktop/Single-Cycle-MIPS/RTL/dataMem.vhd Line: 8
    Warning (15610): No output dependent on input pin "i_writeData[14]" File: C:/Users/arnav/Desktop/Single-Cycle-MIPS/RTL/dataMem.vhd Line: 8
    Warning (15610): No output dependent on input pin "i_writeData[15]" File: C:/Users/arnav/Desktop/Single-Cycle-MIPS/RTL/dataMem.vhd Line: 8
    Warning (15610): No output dependent on input pin "i_writeData[16]" File: C:/Users/arnav/Desktop/Single-Cycle-MIPS/RTL/dataMem.vhd Line: 8
    Warning (15610): No output dependent on input pin "i_writeData[17]" File: C:/Users/arnav/Desktop/Single-Cycle-MIPS/RTL/dataMem.vhd Line: 8
    Warning (15610): No output dependent on input pin "i_writeData[18]" File: C:/Users/arnav/Desktop/Single-Cycle-MIPS/RTL/dataMem.vhd Line: 8
    Warning (15610): No output dependent on input pin "i_writeData[19]" File: C:/Users/arnav/Desktop/Single-Cycle-MIPS/RTL/dataMem.vhd Line: 8
    Warning (15610): No output dependent on input pin "i_writeData[20]" File: C:/Users/arnav/Desktop/Single-Cycle-MIPS/RTL/dataMem.vhd Line: 8
    Warning (15610): No output dependent on input pin "i_writeData[21]" File: C:/Users/arnav/Desktop/Single-Cycle-MIPS/RTL/dataMem.vhd Line: 8
    Warning (15610): No output dependent on input pin "i_writeData[22]" File: C:/Users/arnav/Desktop/Single-Cycle-MIPS/RTL/dataMem.vhd Line: 8
    Warning (15610): No output dependent on input pin "i_writeData[23]" File: C:/Users/arnav/Desktop/Single-Cycle-MIPS/RTL/dataMem.vhd Line: 8
    Warning (15610): No output dependent on input pin "i_writeData[24]" File: C:/Users/arnav/Desktop/Single-Cycle-MIPS/RTL/dataMem.vhd Line: 8
    Warning (15610): No output dependent on input pin "i_writeData[25]" File: C:/Users/arnav/Desktop/Single-Cycle-MIPS/RTL/dataMem.vhd Line: 8
    Warning (15610): No output dependent on input pin "i_writeData[26]" File: C:/Users/arnav/Desktop/Single-Cycle-MIPS/RTL/dataMem.vhd Line: 8
    Warning (15610): No output dependent on input pin "i_writeData[27]" File: C:/Users/arnav/Desktop/Single-Cycle-MIPS/RTL/dataMem.vhd Line: 8
    Warning (15610): No output dependent on input pin "i_writeData[28]" File: C:/Users/arnav/Desktop/Single-Cycle-MIPS/RTL/dataMem.vhd Line: 8
    Warning (15610): No output dependent on input pin "i_writeData[29]" File: C:/Users/arnav/Desktop/Single-Cycle-MIPS/RTL/dataMem.vhd Line: 8
    Warning (15610): No output dependent on input pin "i_writeData[30]" File: C:/Users/arnav/Desktop/Single-Cycle-MIPS/RTL/dataMem.vhd Line: 8
    Warning (15610): No output dependent on input pin "i_writeData[31]" File: C:/Users/arnav/Desktop/Single-Cycle-MIPS/RTL/dataMem.vhd Line: 8
    Warning (15610): No output dependent on input pin "i_writeEnable" File: C:/Users/arnav/Desktop/Single-Cycle-MIPS/RTL/dataMem.vhd Line: 9
    Warning (15610): No output dependent on input pin "i_readEnable" File: C:/Users/arnav/Desktop/Single-Cycle-MIPS/RTL/dataMem.vhd Line: 9
Info (21057): Implemented 75 device resources after synthesis - the final resource count might be different
    Info (21058): Implemented 43 input pins
    Info (21059): Implemented 32 output pins
Info: Quartus Prime Analysis & Synthesis was successful. 0 errors, 118 warnings
    Info: Peak virtual memory: 4810 megabytes
    Info: Processing ended: Tue Jun 24 07:32:10 2025
    Info: Elapsed time: 00:00:10
    Info: Total CPU time (on all processors): 00:00:10


